  library_cli.vcxproj -> C:\Users\Usu├írio\www\mm7_vr\build\src\Library\Cli\Release\library_cli.lib
